// Jest Snapshot v1, https://goo.gl/fbAQLP

exports[`Landing Page Component renders correctly 1`] = `
ShallowWrapper {
  "complexSelector": ComplexSelector {
    "buildPredicate": [Function],
    "childrenOfNode": [Function],
    "findWhereUnwrapped": [Function],
  },
  "length": 1,
  "node": <div
    className="centeredContainer"
>
    <h1
        className="largeHeader"
    >
        JWT
    </h1>
    <h3
        className="subHeader"
    >
        Example React/Redux app using
    </h3>
    <h3
        className="subHeader"
    >
        JSON Web Token authentication
    </h3>
</div>,
  "nodes": Array [
    <div
      className="centeredContainer"
>
      <h1
            className="largeHeader"
      >
            JWT
      </h1>
      <h3
            className="subHeader"
      >
            Example React/Redux app using
      </h3>
      <h3
            className="subHeader"
      >
            JSON Web Token authentication
      </h3>
</div>,
  ],
  "options": Object {},
  "renderer": ReactShallowRenderer {
    "_instance": ShallowComponentWrapper {
      "_calledComponentWillUnmount": false,
      "_compositeType": 2,
      "_context": Object {},
      "_currentElement": <LandingPage />,
      "_debugID": 7,
      "_hostContainerInfo": null,
      "_hostParent": null,
      "_instance": StatelessComponent {
        "_reactInternalInstance": [Circular],
        "context": Object {},
        "props": Object {},
        "refs": Object {},
        "state": null,
        "updater": Object {
          "enqueueCallback": [Function],
          "enqueueCallbackInternal": [Function],
          "enqueueElementInternal": [Function],
          "enqueueForceUpdate": [Function],
          "enqueueReplaceState": [Function],
          "enqueueSetState": [Function],
          "isMounted": [Function],
          "validateCallback": [Function],
        },
      },
      "_mountOrder": 1,
      "_pendingCallbacks": null,
      "_pendingElement": null,
      "_pendingForceUpdate": false,
      "_pendingReplaceState": false,
      "_pendingStateQueue": null,
      "_renderedComponent": NoopInternalComponent {
        "_currentElement": <div
          className="centeredContainer"
>
          <h1
                    className="largeHeader"
          >
                    JWT
          </h1>
          <h3
                    className="subHeader"
          >
                    Example React/Redux app using
          </h3>
          <h3
                    className="subHeader"
          >
                    JSON Web Token authentication
          </h3>
</div>,
        "_debugID": 8,
        "_renderedOutput": <div
          className="centeredContainer"
>
          <h1
                    className="largeHeader"
          >
                    JWT
          </h1>
          <h3
                    className="subHeader"
          >
                    Example React/Redux app using
          </h3>
          <h3
                    className="subHeader"
          >
                    JSON Web Token authentication
          </h3>
</div>,
      },
      "_renderedNodeType": 0,
      "_rootNodeID": 0,
      "_topLevelWrapper": null,
      "_updateBatchNumber": null,
      "_warnedAboutRefsInRender": false,
    },
    "getRenderOutput": [Function],
    "render": [Function],
  },
  "root": [Circular],
  "unrendered": <LandingPage />,
}
`;
